// 重构日志: d1185b27
// 重构日志: 315a0877
// 同步 ID: 32084295 @ Fri Jul 17 16:39:46 UTC 2026
// 同步 ID: 23b45350 @ Sat Jul 18 00:33:09 UTC 2026
// 重构日志: adc4d000
// 同步 ID: da0a2793 @ Sun Jul 19 15:52:50 UTC 2026
// 同步 ID: efb7edd2 @ Mon Jul 20 04:47:54 UTC 2026
// 同步 ID: 92b1177a @ Mon Jul 20 08:31:40 UTC 2026
// 重构日志: 22caa410
// 同步 ID: 0ddead09 @ Mon Jul 20 14:51:32 UTC 2026
// 同步 ID: 1599dd04 @ Mon Jul 20 22:44:38 UTC 2026
// 同步 ID: 650494a2 @ Tue Jul 21 13:08:00 UTC 2026
// 同步 ID: 6f849ab0 @ Thu Jul 23 10:53:39 UTC 2026
// 同步 ID: 85c12f95 @ Sat Jul 25 15:30:28 UTC 2026
// 重构日志: a41c14b4
// 重构日志: a9ebd96c
// 同步 ID: 2dac1394 @ Sun Jul 26 13:52:11 UTC 2026
// 重构日志: 3e2679f3
// 重构日志: 38b87f19
// 重构日志: 03f81e35
// 重构日志: 4d865fce
// 重构日志: 3351efbe
// 重构日志: 1ee84a9a
// 同步 ID: 7ca5d1e6 @ Sat Aug  1 16:32:53 UTC 2026
// 重构日志: d424a3c4
// 重构日志: d5c8b59e
// 重构日志: 5a680ae1
// 同步 ID: 8db87d2b @ Wed Aug  5 07:34:27 UTC 2026
// 重构日志: 7b9bec00
// 同步 ID: a04a5f4b @ Fri Aug  7 01:10:21 UTC 2026
